> Task :app:buildKotlinToolingMetadata UP-TO-DATE
> Task :app:checkKotlinGradlePluginConfigurationErrors SKIPPED
> Task :app:preBuild UP-TO-DATE
> Task :app:preReleaseBuild UP-TO-DATE
> Task :app:checkReleaseAarMetadata UP-TO-DATE
> Task :app:generateReleaseResValues UP-TO-DATE
> Task :app:mapReleaseSourceSetPaths UP-TO-DATE
> Task :app:generateReleaseResources UP-TO-DATE
> Task :app:mergeReleaseResources UP-TO-DATE
> Task :app:packageReleaseResources UP-TO-DATE
> Task :app:parseReleaseLocalResources UP-TO-DATE
> Task :app:createReleaseCompatibleScreenManifests UP-TO-DATE
> Task :app:extractDeepLinksRelease UP-TO-DATE
> Task :app:processReleaseMainManifest UP-TO-DATE
> Task :app:processReleaseManifest UP-TO-DATE
> Task :app:processReleaseManifestForPackage UP-TO-DATE
> Task :app:processReleaseResources UP-TO-DATE
> Task :app:javaPreCompileRelease UP-TO-DATE
> Task :app:extractProguardFiles UP-TO-DATE
> Task :app:mergeReleaseJniLibFolders UP-TO-DATE
> Task :app:mergeReleaseNativeLibs NO-SOURCE
> Task :app:stripReleaseDebugSymbols NO-SOURCE
> Task :app:extractReleaseNativeSymbolTables NO-SOURCE
> Task :app:mergeReleaseNativeDebugMetadata NO-SOURCE
> Task :app:checkReleaseDuplicateClasses UP-TO-DATE
> Task :app:desugarReleaseFileDependencies UP-TO-DATE
> Task :app:mergeReleaseStartupProfile UP-TO-DATE
> Task :app:mergeExtDexRelease UP-TO-DATE
> Task :app:mergeReleaseArtProfile UP-TO-DATE
> Task :app:mergeReleaseShaders UP-TO-DATE
> Task :app:compileReleaseShaders NO-SOURCE
> Task :app:generateReleaseAssets UP-TO-DATE
> Task :app:mergeReleaseAssets UP-TO-DATE
> Task :app:compressReleaseAssets UP-TO-DATE
> Task :app:extractReleaseVersionControlInfo UP-TO-DATE
> Task :app:optimizeReleaseResources UP-TO-DATE
> Task :app:collectReleaseDependencies UP-TO-DATE
> Task :app:sdkReleaseDependencyData UP-TO-DATE
> Task :app:validateSigningRelease UP-TO-DATE
> Task :app:writeReleaseAppMetadata UP-TO-DATE
> Task :app:writeReleaseSigningConfigVersions UP-TO-DATE

> Task :app:compileReleaseKotlin
w: file:///C:/Users/satya/Documents/Default%20Project/CandyCrush/app/src/main/java/com/nebulastrike/game/GameView.kt:332:58 'field scaledDensity: Float' is deprecated. Deprecated in Java.
w: file:///C:/Users/satya/Documents/Default%20Project/CandyCrush/app/src/main/java/com/nebulastrike/game/GameView.kt:340:55 'field scaledDensity: Float' is deprecated. Deprecated in Java.
w: file:///C:/Users/satya/Documents/Default%20Project/CandyCrush/app/src/main/java/com/nebulastrike/game/GameView.kt:346:55 'field scaledDensity: Float' is deprecated. Deprecated in Java.
w: file:///C:/Users/satya/Documents/Default%20Project/CandyCrush/app/src/main/java/com/nebulastrike/game/GameView.kt:409:59 'field scaledDensity: Float' is deprecated. Deprecated in Java.
w: file:///C:/Users/satya/Documents/Default%20Project/CandyCrush/app/src/main/java/com/nebulastrike/game/GameView.kt:419:55 'field scaledDensity: Float' is deprecated. Deprecated in Java.
w: file:///C:/Users/satya/Documents/Default%20Project/CandyCrush/app/src/main/java/com/nebulastrike/game/GameView.kt:423:59 'field scaledDensity: Float' is deprecated. Deprecated in Java.
w: file:///C:/Users/satya/Documents/Default%20Project/CandyCrush/app/src/main/java/com/nebulastrike/game/GameView.kt:428:55 'field scaledDensity: Float' is deprecated. Deprecated in Java.
w: file:///C:/Users/satya/Documents/Default%20Project/CandyCrush/app/src/main/java/com/nebulastrike/game/GameView.kt:442:55 'field scaledDensity: Float' is deprecated. Deprecated in Java.
w: file:///C:/Users/satya/Documents/Default%20Project/CandyCrush/app/src/main/java/com/nebulastrike/game/GameView.kt:449:59 'field scaledDensity: Float' is deprecated. Deprecated in Java.
w: file:///C:/Users/satya/Documents/Default%20Project/CandyCrush/app/src/main/java/com/nebulastrike/game/GameView.kt:462:55 'field scaledDensity: Float' is deprecated. Deprecated in Java.

> Task :app:compileReleaseJavaWithJavac NO-SOURCE
> Task :app:generateReleaseLintVitalReportModel
> Task :app:dexBuilderRelease
> Task :app:mergeReleaseGlobalSynthetics UP-TO-DATE
> Task :app:processReleaseJavaRes UP-TO-DATE
> Task :app:mergeReleaseJavaResource UP-TO-DATE
> Task :app:mergeDexRelease
> Task :app:compileReleaseArtProfile
> Task :app:packageRelease
> Task :app:createReleaseApkListingFileRedirect UP-TO-DATE
> Task :app:lintVitalAnalyzeRelease
> Task :app:lintVitalReportRelease UP-TO-DATE
> Task :app:lintVitalRelease
> Task :app:assembleRelease

BUILD SUCCESSFUL in 4s
45 actionable tasks: 8 executed, 37 up-to-date
